{
  "test_name": "Netflow 9 Fortigate FortiOS 5.2.1",
  "events": [
    {
      "Timestamp": "2017-07-18T05:42:14Z",
      "Meta": null,
      "Fields": {
        "device": {
          "ip": "192.0.2.1"
        },
        "event": {
          "action": "netflow_options",
          "created": "2017-07-18T05:42:14Z"
        },
        "netflow": {
          "exporter": {
            "address": "192.0.2.1:4444",
            "sourceId": 1,
            "timestamp": "2017-07-18T05:42:14Z",
            "uptimeMillis": 20427178,
            "version": 9
          },
          "options": {
            "exportedFlowRecordTotalCount": 107864,
            "exportedMessageTotalCount": 11920854,
            "exportedOctetTotalCount": 6871319015,
            "flowActiveTimeout": 1800,
            "flowIdleTimeout": 15,
            "samplingAlgorithm": 1,
            "samplingInterval": 1
          },
          "scope": {
            "octetDeltaCount": 1
          },
          "type": "netflow_options"
        }
      },
      "Private": null
    },
    {
      "Timestamp": "2017-07-18T05:41:59Z",
      "Meta": null,
      "Fields": {
        "destination": {
          "ip": "31.13.87.36",
          "locality": "public",
          "port": 443
        },
        "device": {
          "ip": "192.0.2.1"
        },
        "event": {
          "action": "netflow",
          "created": "2017-07-18T05:41:59Z"
        },
        "flow": {
          "id": "jJrTIsjNw1M",
          "locality": "private"
        },
        "netflow": {
          "destinationIPv4Address": "31.13.87.36",
          "destinationTransportPort": 443,
          "egressInterface": 3,
          "exporter": {
            "address": "192.0.2.1:4444",
            "sourceId": 1,
            "timestamp": "2017-07-18T05:41:59Z",
            "uptimeMillis": 20412178,
            "version": 9
          },
          "flowEndSysUpTime": 621770700,
          "flowStartSysUpTime": 621761700,
          "ingressInterface": 9,
          "octetDeltaCount": 152,
          "packetDeltaCount": 3,
          "postOctetDeltaCount": 0,
          "postPacketDeltaCount": 0,
          "protocolIdentifier": 6,
          "sourceIPv4Address": "192.168.99.7",
          "sourceTransportPort": 61910,
          "type": "netflow"
        },
        "network": {
          "bytes": 152,
          "direction": "unknown",
          "packets": 3,
          "protocol": "tcp"
        },
        "source": {
          "ip": "192.168.99.7",
          "locality": "private",
          "port": 61910
        }
      },
      "Private": null
    }
  ]
}