{
  "test_name": "netflow9_ubiquiti_edgerouter",
  "events": [
    {
      "Timestamp": "2018-08-09T16:49:04Z",
      "Meta": null,
      "Fields": {
        "destination": {
          "ip": "159.65.125.168",
          "locality": "public",
          "port": 80
        },
        "device": {
          "ip": "10.100.4.1"
        },
        "event": {
          "action": "netflow",
          "created": "2018-08-09T16:49:04Z",
          "duration": 287000000,
          "end": "2018-08-09T16:43:00.307Z",
          "start": "2018-08-09T16:43:00.02Z"
        },
        "flow": {
          "id": "T5g_yptWDLc",
          "locality": "private"
        },
        "netflow": {
          "deltaFlowCount": 0,
          "destinationIPv4Address": "159.65.125.168",
          "destinationTransportPort": 80,
          "egressInterface": 2,
          "exporter": {
            "address": "10.100.4.1:33135",
            "sourceId": 0,
            "timestamp": "2018-08-09T16:49:04Z",
            "uptimeMillis": 1887990,
            "version": 9
          },
          "flowDirection": 1,
          "flowEndSysUpTime": 1524297,
          "flowStartSysUpTime": 1524010,
          "ingressInterface": 3,
          "ipClassOfService": 0,
          "ipVersion": 4,
          "mplsLabelStackLength": 2,
          "octetDeltaCount": 421,
          "packetDeltaCount": 6,
          "postDestinationMacAddress": "04:18:d6:f0:81:b5",
          "postSourceMacAddress": "00:11:bb:7f:20:42",
          "postVlanId": 0,
          "protocolIdentifier": 6,
          "sourceIPv4Address": "10.100.5.2",
          "sourceTransportPort": 43376,
          "tcpControlBits": 27,
          "type": "netflow"
        },
        "network": {
          "bytes": 421,
          "direction": "outbound",
          "packets": 6,
          "protocol": "tcp"
        },
        "source": {
          "ip": "10.100.5.2",
          "locality": "private",
          "port": 43376
        }
      },
      "Private": null
    },
    {
      "Timestamp": "2018-08-09T16:49:04Z",
      "Meta": null,
      "Fields": {
        "destination": {
          "ip": "13.32.251.125",
          "locality": "public",
          "port": 443
        },
        "device": {
          "ip": "10.100.4.1"
        },
        "event": {
          "action": "netflow",
          "created": "2018-08-09T16:49:04Z",
          "duration": 30209000000,
          "end": "2018-08-09T16:43:01.317Z",
          "start": "2018-08-09T16:42:31.108Z"
        },
        "flow": {
          "id": "p77rp-QQcy4",
          "locality": "private"
        },
        "netflow": {
          "deltaFlowCount": 0,
          "destinationIPv4Address": "13.32.251.125",
          "destinationTransportPort": 443,
          "egressInterface": 2,
          "exporter": {
            "address": "10.100.4.1:33135",
            "sourceId": 0,
            "timestamp": "2018-08-09T16:49:04Z",
            "uptimeMillis": 1887990,
            "version": 9
          },
          "flowDirection": 1,
          "flowEndSysUpTime": 1525307,
          "flowStartSysUpTime": 1495098,
          "ingressInterface": 3,
          "ipClassOfService": 0,
          "ipVersion": 4,
          "mplsLabelStackLength": 2,
          "octetDeltaCount": 7621,
          "packetDeltaCount": 131,
          "postDestinationMacAddress": "04:18:d6:f0:81:b5",
          "postSourceMacAddress": "00:11:bb:7f:20:42",
          "postVlanId": 0,
          "protocolIdentifier": 6,
          "sourceIPv4Address": "10.100.6.93",
          "sourceTransportPort": 54520,
          "tcpControlBits": 27,
          "type": "netflow"
        },
        "network": {
          "bytes": 7621,
          "direction": "outbound",
          "packets": 131,
          "protocol": "tcp"
        },
        "source": {
          "ip": "10.100.6.93",
          "locality": "private",
          "port": 54520
        }
      },
      "Private": null
    },
    {
      "Timestamp": "2018-08-09T16:49:04Z",
      "Meta": null,
      "Fields": {
        "destination": {
          "ip": "10.100.6.80",
          "locality": "private",
          "port": 62323
        },
        "device": {
          "ip": "10.100.4.1"
        },
        "event": {
          "action": "netflow",
          "created": "2018-08-09T16:49:04Z",
          "duration": 0,
          "end": "2018-08-09T16:43:01.41Z",
          "start": "2018-08-09T16:43:01.41Z"
        },
        "flow": {
          "id": "yqWGb1dLOqc",
          "locality": "private"
        },
        "netflow": {
          "deltaFlowCount": 0,
          "destinationIPv4Address": "10.100.6.80",
          "destinationTransportPort": 62323,
          "egressInterface": 3,
          "exporter": {
            "address": "10.100.4.1:33135",
            "sourceId": 0,
            "timestamp": "2018-08-09T16:49:04Z",
            "uptimeMillis": 1887990,
            "version": 9
          },
          "flowDirection": 1,
          "flowEndSysUpTime": 1525400,
          "flowStartSysUpTime": 1525400,
          "ingressInterface": 0,
          "ipClassOfService": 0,
          "ipVersion": 4,
          "mplsLabelStackLength": 3,
          "octetDeltaCount": 95,
          "packetDeltaCount": 1,
          "postDestinationMacAddress": "00:00:00:00:00:00",
          "postSourceMacAddress": "00:00:00:00:00:00",
          "postVlanId": 0,
          "protocolIdentifier": 17,
          "sourceIPv4Address": "10.100.4.1",
          "sourceTransportPort": 53,
          "tcpControlBits": 0,
          "type": "netflow"
        },
        "network": {
          "bytes": 95,
          "direction": "outbound",
          "packets": 1,
          "protocol": "udp"
        },
        "source": {
          "ip": "10.100.4.1",
          "locality": "private",
          "port": 53
        }
      },
      "Private": null
    },
    {
      "Timestamp": "2018-08-09T16:49:04Z",
      "Meta": null,
      "Fields": {
        "destination": {
          "ip": "13.32.251.8",
          "locality": "public",
          "port": 443
        },
        "device": {
          "ip": "10.100.4.1"
        },
        "event": {
          "action": "netflow",
          "created": "2018-08-09T16:49:04Z",
          "duration": 59651000000,
          "end": "2018-08-09T16:43:02.334Z",
          "start": "2018-08-09T16:42:02.683Z"
        },
        "flow": {
          "id": "l0jbykreH8E",
          "locality": "private"
        },
        "netflow": {
          "deltaFlowCount": 0,
          "destinationIPv4Address": "13.32.251.8",
          "destinationTransportPort": 443,
          "egressInterface": 2,
          "exporter": {
            "address": "10.100.4.1:33135",
            "sourceId": 0,
            "timestamp": "2018-08-09T16:49:04Z",
            "uptimeMillis": 1887990,
            "version": 9
          },
          "flowDirection": 1,
          "flowEndSysUpTime": 1526324,
          "flowStartSysUpTime": 1466673,
          "ingressInterface": 3,
          "ipClassOfService": 0,
          "ipVersion": 4,
          "mplsLabelStackLength": 2,
          "octetDeltaCount": 3162,
          "packetDeltaCount": 30,
          "postDestinationMacAddress": "04:18:d6:f0:81:b5",
          "postSourceMacAddress": "00:11:bb:7f:20:42",
          "postVlanId": 0,
          "protocolIdentifier": 6,
          "sourceIPv4Address": "10.100.6.93",
          "sourceTransportPort": 54497,
          "tcpControlBits": 27,
          "type": "netflow"
        },
        "network": {
          "bytes": 3162,
          "direction": "outbound",
          "packets": 30,
          "protocol": "tcp"
        },
        "source": {
          "ip": "10.100.6.93",
          "locality": "private",
          "port": 54497
        }
      },
      "Private": null
    },
    {
      "Timestamp": "2018-08-09T16:49:04Z",
      "Meta": null,
      "Fields": {
        "destination": {
          "ip": "52.22.76.61",
          "locality": "public",
          "port": 443
        },
        "device": {
          "ip": "10.100.4.1"
        },
        "event": {
          "action": "netflow",
          "created": "2018-08-09T16:49:04Z",
          "duration": 40015000000,
          "end": "2018-08-09T16:43:02.876Z",
          "start": "2018-08-09T16:42:22.861Z"
        },
        "flow": {
          "id": "N1T6lJguTIg",
          "locality": "private"
        },
        "netflow": {
          "deltaFlowCount": 0,
          "destinationIPv4Address": "52.22.76.61",
          "destinationTransportPort": 443,
          "egressInterface": 2,
          "exporter": {
            "address": "10.100.4.1:33135",
            "sourceId": 0,
            "timestamp": "2018-08-09T16:49:04Z",
            "uptimeMillis": 1887990,
            "version": 9
          },
          "flowDirection": 1,
          "flowEndSysUpTime": 1526866,
          "flowStartSysUpTime": 1486851,
          "ingressInterface": 3,
          "ipClassOfService": 0,
          "ipVersion": 4,
          "mplsLabelStackLength": 2,
          "octetDeltaCount": 2711,
          "packetDeltaCount": 13,
          "postDestinationMacAddress": "04:18:d6:f0:81:b5",
          "postSourceMacAddress": "00:11:bb:7f:20:42",
          "postVlanId": 0,
          "protocolIdentifier": 6,
          "sourceIPv4Address": "10.100.6.80",
          "sourceTransportPort": 50030,
          "tcpControlBits": 27,
          "type": "netflow"
        },
        "network": {
          "bytes": 2711,
          "direction": "outbound",
          "packets": 13,
          "protocol": "tcp"
        },
        "source": {
          "ip": "10.100.6.80",
          "locality": "private",
          "port": 50030
        }
      },
      "Private": null
    },
    {
      "Timestamp": "2018-08-09T16:49:04Z",
      "Meta": null,
      "Fields": {
        "destination": {
          "ip": "13.32.251.125",
          "locality": "public",
          "port": 443
        },
        "device": {
          "ip": "10.100.4.1"
        },
        "event": {
          "action": "netflow",
          "created": "2018-08-09T16:49:04Z",
          "duration": 37121000000,
          "end": "2018-08-09T16:43:02.43Z",
          "start": "2018-08-09T16:42:25.309Z"
        },
        "flow": {
          "id": "5FJxwkuWO2k",
          "locality": "private"
        },
        "netflow": {
          "deltaFlowCount": 0,
          "destinationIPv4Address": "13.32.251.125",
          "destinationTransportPort": 443,
          "egressInterface": 2,
          "exporter": {
            "address": "10.100.4.1:33135",
            "sourceId": 0,
            "timestamp": "2018-08-09T16:49:04Z",
            "uptimeMillis": 1887990,
            "version": 9
          },
          "flowDirection": 1,
          "flowEndSysUpTime": 1526420,
          "flowStartSysUpTime": 1489299,
          "ingressInterface": 3,
          "ipClassOfService": 0,
          "ipVersion": 4,
          "mplsLabelStackLength": 2,
          "octetDeltaCount": 20855,
          "packetDeltaCount": 346,
          "postDestinationMacAddress": "04:18:d6:f0:81:b5",
          "postSourceMacAddress": "00:11:bb:7f:20:42",
          "postVlanId": 0,
          "protocolIdentifier": 6,
          "sourceIPv4Address": "10.100.6.93",
          "sourceTransportPort": 54517,
          "tcpControlBits": 27,
          "type": "netflow"
        },
        "network": {
          "bytes": 20855,
          "direction": "outbound",
          "packets": 346,
          "protocol": "tcp"
        },
        "source": {
          "ip": "10.100.6.93",
          "locality": "private",
          "port": 54517
        }
      },
      "Private": null
    },
    {
      "Timestamp": "2018-08-09T16:49:04Z",
      "Meta": null,
      "Fields": {
        "destination": {
          "ip": "13.32.251.125",
          "locality": "public",
          "port": 443
        },
        "device": {
          "ip": "10.100.4.1"
        },
        "event": {
          "action": "netflow",
          "created": "2018-08-09T16:49:04Z",
          "duration": 31322000000,
          "end": "2018-08-09T16:43:02.43Z",
          "start": "2018-08-09T16:42:31.108Z"
        },
        "flow": {
          "id": "J7S4xARTVFk",
          "locality": "private"
        },
        "netflow": {
          "deltaFlowCount": 0,
          "destinationIPv4Address": "13.32.251.125",
          "destinationTransportPort": 443,
          "egressInterface": 2,
          "exporter": {
            "address": "10.100.4.1:33135",
            "sourceId": 0,
            "timestamp": "2018-08-09T16:49:04Z",
            "uptimeMillis": 1887990,
            "version": 9
          },
          "flowDirection": 1,
          "flowEndSysUpTime": 1526420,
          "flowStartSysUpTime": 1495098,
          "ingressInterface": 3,
          "ipClassOfService": 0,
          "ipVersion": 4,
          "mplsLabelStackLength": 2,
          "octetDeltaCount": 7495,
          "packetDeltaCount": 129,
          "postDestinationMacAddress": "04:18:d6:f0:81:b5",
          "postSourceMacAddress": "00:11:bb:7f:20:42",
          "postVlanId": 0,
          "protocolIdentifier": 6,
          "sourceIPv4Address": "10.100.6.93",
          "sourceTransportPort": 54518,
          "tcpControlBits": 27,
          "type": "netflow"
        },
        "network": {
          "bytes": 7495,
          "direction": "outbound",
          "packets": 129,
          "protocol": "tcp"
        },
        "source": {
          "ip": "10.100.6.93",
          "locality": "private",
          "port": 54518
        }
      },
      "Private": null
    },
    {
      "Timestamp": "2018-08-09T16:49:04Z",
      "Meta": null,
      "Fields": {
        "destination": {
          "ip": "13.32.251.125",
          "locality": "public",
          "port": 443
        },
        "device": {
          "ip": "10.100.4.1"
        },
        "event": {
          "action": "netflow",
          "created": "2018-08-09T16:49:04Z",
          "duration": 31226000000,
          "end": "2018-08-09T16:43:02.334Z",
          "start": "2018-08-09T16:42:31.108Z"
        },
        "flow": {
          "id": "eSnZLaMkN_I",
          "locality": "private"
        },
        "netflow": {
          "deltaFlowCount": 0,
          "destinationIPv4Address": "13.32.251.125",
          "destinationTransportPort": 443,
          "egressInterface": 2,
          "exporter": {
            "address": "10.100.4.1:33135",
            "sourceId": 0,
            "timestamp": "2018-08-09T16:49:04Z",
            "uptimeMillis": 1887990,
            "version": 9
          },
          "flowDirection": 1,
          "flowEndSysUpTime": 1526324,
          "flowStartSysUpTime": 1495098,
          "ingressInterface": 3,
          "ipClassOfService": 0,
          "ipVersion": 4,
          "mplsLabelStackLength": 2,
          "octetDeltaCount": 7049,
          "packetDeltaCount": 119,
          "postDestinationMacAddress": "04:18:d6:f0:81:b5",
          "postSourceMacAddress": "00:11:bb:7f:20:42",
          "postVlanId": 0,
          "protocolIdentifier": 6,
          "sourceIPv4Address": "10.100.6.93",
          "sourceTransportPort": 54519,
          "tcpControlBits": 27,
          "type": "netflow"
        },
        "network": {
          "bytes": 7049,
          "direction": "outbound",
          "packets": 119,
          "protocol": "tcp"
        },
        "source": {
          "ip": "10.100.6.93",
          "locality": "private",
          "port": 54519
        }
      },
      "Private": null
    },
    {
      "Timestamp": "2018-08-09T16:49:04Z",
      "Meta": null,
      "Fields": {
        "destination": {
          "ip": "13.32.251.126",
          "locality": "public",
          "port": 443
        },
        "device": {
          "ip": "10.100.4.1"
        },
        "event": {
          "action": "netflow",
          "created": "2018-08-09T16:49:04Z",
          "duration": 30976000000,
          "end": "2018-08-09T16:43:02.334Z",
          "start": "2018-08-09T16:42:31.358Z"
        },
        "flow": {
          "id": "_8K2vONzLd4",
          "locality": "private"
        },
        "netflow": {
          "deltaFlowCount": 0,
          "destinationIPv4Address": "13.32.251.126",
          "destinationTransportPort": 443,
          "egressInterface": 2,
          "exporter": {
            "address": "10.100.4.1:33135",
            "sourceId": 0,
            "timestamp": "2018-08-09T16:49:04Z",
            "uptimeMillis": 1887990,
            "version": 9
          },
          "flowDirection": 1,
          "flowEndSysUpTime": 1526324,
          "flowStartSysUpTime": 1495348,
          "ingressInterface": 3,
          "ipClassOfService": 0,
          "ipVersion": 4,
          "mplsLabelStackLength": 2,
          "octetDeltaCount": 1348,
          "packetDeltaCount": 13,
          "postDestinationMacAddress": "04:18:d6:f0:81:b5",
          "postSourceMacAddress": "00:11:bb:7f:20:42",
          "postVlanId": 0,
          "protocolIdentifier": 6,
          "sourceIPv4Address": "10.100.6.93",
          "sourceTransportPort": 54521,
          "tcpControlBits": 27,
          "type": "netflow"
        },
        "network": {
          "bytes": 1348,
          "direction": "outbound",
          "packets": 13,
          "protocol": "tcp"
        },
        "source": {
          "ip": "10.100.6.93",
          "locality": "private",
          "port": 54521
        }
      },
      "Private": null
    },
    {
      "Timestamp": "2018-08-09T16:49:04Z",
      "Meta": null,
      "Fields": {
        "destination": {
          "ip": "10.100.0.1",
          "locality": "private",
          "port": 53
        },
        "device": {
          "ip": "10.100.4.1"
        },
        "event": {
          "action": "netflow",
          "created": "2018-08-09T16:49:04Z",
          "duration": 0,
          "end": "2018-08-09T16:43:06.28Z",
          "start": "2018-08-09T16:43:06.28Z"
        },
        "flow": {
          "id": "brcE2vs5Uso",
          "locality": "private"
        },
        "netflow": {
          "deltaFlowCount": 0,
          "destinationIPv4Address": "10.100.0.1",
          "destinationTransportPort": 53,
          "egressInterface": 2,
          "exporter": {
            "address": "10.100.4.1:33135",
            "sourceId": 0,
            "timestamp": "2018-08-09T16:49:04Z",
            "uptimeMillis": 1887990,
            "version": 9
          },
          "flowDirection": 1,
          "flowEndSysUpTime": 1530270,
          "flowStartSysUpTime": 1530270,
          "ingressInterface": 0,
          "ipClassOfService": 0,
          "ipVersion": 4,
          "mplsLabelStackLength": 2,
          "octetDeltaCount": 82,
          "packetDeltaCount": 1,
          "postDestinationMacAddress": "00:00:00:00:00:00",
          "postSourceMacAddress": "00:00:00:00:00:00",
          "postVlanId": 0,
          "protocolIdentifier": 17,
          "sourceIPv4Address": "192.168.1.4",
          "sourceTransportPort": 57253,
          "tcpControlBits": 0,
          "type": "netflow"
        },
        "network": {
          "bytes": 82,
          "direction": "outbound",
          "packets": 1,
          "protocol": "udp"
        },
        "source": {
          "ip": "192.168.1.4",
          "locality": "private",
          "port": 57253
        }
      },
      "Private": null
    }
  ]
}