{
  "test_name": "Netflow 9 Ubiquiti Edgerouter with MPLS labels",
  "events": [
    {
      "Timestamp": "2016-09-10T16:23:30Z",
      "Meta": null,
      "Fields": {
        "destination": {
          "ip": "10.4.0.251",
          "locality": "private",
          "mac": "44:d9:e7:be:ef:89",
          "port": 17232
        },
        "device": {
          "ip": "192.0.2.1"
        },
        "event": {
          "action": "netflow",
          "created": "2016-09-10T16:23:30Z",
          "duration": 0,
          "end": "2016-09-10T16:17:25.825Z",
          "start": "2016-09-10T16:17:25.825Z"
        },
        "flow": {
          "id": "9DIPifkw57g",
          "locality": "private"
        },
        "netflow": {
          "deltaFlowCount": 0,
          "destinationIPv4Address": "10.4.0.251",
          "destinationMacAddress": "44:d9:e7:be:ef:89",
          "destinationTransportPort": 17232,
          "egressInterface": 0,
          "exporter": {
            "address": "192.0.2.1:4444",
            "sourceId": 0,
            "timestamp": "2016-09-10T16:23:30Z",
            "uptimeMillis": 409360002,
            "version": 9
          },
          "flowDirection": 0,
          "flowEndSysUpTime": 408995827,
          "flowStartSysUpTime": 408995827,
          "ingressInterface": 4,
          "ipClassOfService": 0,
          "ipVersion": 4,
          "mplsLabelStackLength": 4,
          "octetDeltaCount": 174,
          "packetDeltaCount": 2,
          "protocolIdentifier": 17,
          "sourceIPv4Address": "10.1.0.135",
          "sourceMacAddress": "06:be:ef:be:ef:4f",
          "sourceTransportPort": 53,
          "tcpControlBits": 0,
          "type": "netflow",
          "vlanId": 0
        },
        "network": {
          "bytes": 174,
          "direction": "inbound",
          "packets": 2,
          "protocol": "udp"
        },
        "source": {
          "ip": "10.1.0.135",
          "locality": "private",
          "mac": "06:be:ef:be:ef:4f",
          "port": 53
        }
      },
      "Private": null
    },
    {
      "Timestamp": "2016-09-10T16:23:30Z",
      "Meta": null,
      "Fields": {
        "destination": {
          "ip": "10.4.0.251",
          "locality": "private",
          "mac": "44:d9:e7:be:ef:89",
          "port": 17232
        },
        "device": {
          "ip": "192.0.2.1"
        },
        "event": {
          "action": "netflow",
          "created": "2016-09-10T16:23:30Z",
          "duration": 0,
          "end": "2016-09-10T16:17:25.825Z",
          "start": "2016-09-10T16:17:25.825Z"
        },
        "flow": {
          "id": "FxVLIy8iNbs",
          "locality": "private"
        },
        "netflow": {
          "deltaFlowCount": 0,
          "destinationIPv4Address": "10.4.0.251",
          "destinationMacAddress": "44:d9:e7:be:ef:89",
          "destinationTransportPort": 17232,
          "egressInterface": 0,
          "exporter": {
            "address": "192.0.2.1:4444",
            "sourceId": 0,
            "timestamp": "2016-09-10T16:23:30Z",
            "uptimeMillis": 409360002,
            "version": 9
          },
          "flowDirection": 0,
          "flowEndSysUpTime": 408995827,
          "flowStartSysUpTime": 408995827,
          "ingressInterface": 4,
          "ipClassOfService": 0,
          "ipVersion": 4,
          "mplsLabelStackLength": 4,
          "octetDeltaCount": 87,
          "packetDeltaCount": 1,
          "protocolIdentifier": 17,
          "sourceIPv4Address": "10.1.0.136",
          "sourceMacAddress": "06:be:ef:be:ef:4f",
          "sourceTransportPort": 53,
          "tcpControlBits": 0,
          "type": "netflow",
          "vlanId": 0
        },
        "network": {
          "bytes": 87,
          "direction": "inbound",
          "packets": 1,
          "protocol": "udp"
        },
        "source": {
          "ip": "10.1.0.136",
          "locality": "private",
          "mac": "06:be:ef:be:ef:4f",
          "port": 53
        }
      },
      "Private": null
    },
    {
      "Timestamp": "2016-09-10T16:23:30Z",
      "Meta": null,
      "Fields": {
        "destination": {
          "ip": "10.4.0.251",
          "locality": "private",
          "mac": "44:d9:e7:be:ef:89",
          "port": 51369
        },
        "device": {
          "ip": "192.0.2.1"
        },
        "event": {
          "action": "netflow",
          "created": "2016-09-10T16:23:30Z",
          "duration": 140227000000,
          "end": "2016-09-10T15:22:30.891Z",
          "start": "2016-09-10T15:20:10.664Z"
        },
        "flow": {
          "id": "wzF3aTW8jDk",
          "locality": "private"
        },
        "netflow": {
          "deltaFlowCount": 0,
          "destinationIPv4Address": "10.4.0.251",
          "destinationMacAddress": "44:d9:e7:be:ef:89",
          "destinationTransportPort": 51369,
          "egressInterface": 0,
          "exporter": {
            "address": "192.0.2.1:4444",
            "sourceId": 0,
            "timestamp": "2016-09-10T16:23:30Z",
            "uptimeMillis": 409360002,
            "version": 9
          },
          "flowDirection": 0,
          "flowEndSysUpTime": 405700893,
          "flowStartSysUpTime": 405560666,
          "ingressInterface": 4,
          "ipClassOfService": 0,
          "ipVersion": 4,
          "mplsLabelStackLength": 4,
          "octetDeltaCount": 1920,
          "packetDeltaCount": 15,
          "protocolIdentifier": 6,
          "sourceIPv4Address": "10.1.0.232",
          "sourceMacAddress": "06:be:ef:be:ef:4f",
          "sourceTransportPort": 443,
          "tcpControlBits": 27,
          "type": "netflow",
          "vlanId": 0
        },
        "network": {
          "bytes": 1920,
          "direction": "inbound",
          "packets": 15,
          "protocol": "tcp"
        },
        "source": {
          "ip": "10.1.0.232",
          "locality": "private",
          "mac": "06:be:ef:be:ef:4f",
          "port": 443
        }
      },
      "Private": null
    },
    {
      "Timestamp": "2016-09-10T16:23:30Z",
      "Meta": null,
      "Fields": {
        "destination": {
          "ip": "10.4.0.251",
          "locality": "private",
          "mac": "44:d9:e7:be:ef:89",
          "port": 51370
        },
        "device": {
          "ip": "192.0.2.1"
        },
        "event": {
          "action": "netflow",
          "created": "2016-09-10T16:23:30Z",
          "duration": 140227000000,
          "end": "2016-09-10T15:22:30.891Z",
          "start": "2016-09-10T15:20:10.664Z"
        },
        "flow": {
          "id": "F5Rxx9ksQqg",
          "locality": "private"
        },
        "netflow": {
          "deltaFlowCount": 0,
          "destinationIPv4Address": "10.4.0.251",
          "destinationMacAddress": "44:d9:e7:be:ef:89",
          "destinationTransportPort": 51370,
          "egressInterface": 0,
          "exporter": {
            "address": "192.0.2.1:4444",
            "sourceId": 0,
            "timestamp": "2016-09-10T16:23:30Z",
            "uptimeMillis": 409360002,
            "version": 9
          },
          "flowDirection": 0,
          "flowEndSysUpTime": 405700893,
          "flowStartSysUpTime": 405560666,
          "ingressInterface": 4,
          "ipClassOfService": 0,
          "ipVersion": 4,
          "mplsLabelStackLength": 4,
          "octetDeltaCount": 610,
          "packetDeltaCount": 8,
          "protocolIdentifier": 6,
          "sourceIPv4Address": "10.1.0.232",
          "sourceMacAddress": "06:be:ef:be:ef:4f",
          "sourceTransportPort": 443,
          "tcpControlBits": 27,
          "type": "netflow",
          "vlanId": 0
        },
        "network": {
          "bytes": 610,
          "direction": "inbound",
          "packets": 8,
          "protocol": "tcp"
        },
        "source": {
          "ip": "10.1.0.232",
          "locality": "private",
          "mac": "06:be:ef:be:ef:4f",
          "port": 443
        }
      },
      "Private": null
    },
    {
      "Timestamp": "2016-09-10T16:23:30Z",
      "Meta": null,
      "Fields": {
        "destination": {
          "ip": "10.4.0.251",
          "locality": "private",
          "mac": "44:d9:e7:be:ef:89",
          "port": 44006
        },
        "device": {
          "ip": "192.0.2.1"
        },
        "event": {
          "action": "netflow",
          "created": "2016-09-10T16:23:30Z",
          "duration": 177102000000,
          "end": "2016-09-10T16:20:32.763Z",
          "start": "2016-09-10T16:17:35.661Z"
        },
        "flow": {
          "id": "KtWRob72_KI",
          "locality": "private"
        },
        "netflow": {
          "deltaFlowCount": 0,
          "destinationIPv4Address": "10.4.0.251",
          "destinationMacAddress": "44:d9:e7:be:ef:89",
          "destinationTransportPort": 44006,
          "egressInterface": 0,
          "exporter": {
            "address": "192.0.2.1:4444",
            "sourceId": 0,
            "timestamp": "2016-09-10T16:23:30Z",
            "uptimeMillis": 409360002,
            "version": 9
          },
          "flowDirection": 0,
          "flowEndSysUpTime": 409182765,
          "flowStartSysUpTime": 409005663,
          "ingressInterface": 4,
          "ipClassOfService": 0,
          "ipVersion": 4,
          "mplsLabelStackLength": 4,
          "octetDeltaCount": 2420,
          "packetDeltaCount": 21,
          "protocolIdentifier": 6,
          "sourceIPv4Address": "10.5.0.91",
          "sourceMacAddress": "06:be:ef:be:ef:4f",
          "sourceTransportPort": 443,
          "tcpControlBits": 31,
          "type": "netflow",
          "vlanId": 0
        },
        "network": {
          "bytes": 2420,
          "direction": "inbound",
          "packets": 21,
          "protocol": "tcp"
        },
        "source": {
          "ip": "10.5.0.91",
          "locality": "private",
          "mac": "06:be:ef:be:ef:4f",
          "port": 443
        }
      },
      "Private": null
    },
    {
      "Timestamp": "2016-09-10T16:23:30Z",
      "Meta": null,
      "Fields": {
        "destination": {
          "ip": "10.4.0.251",
          "locality": "private",
          "mac": "44:d9:e7:be:ef:89",
          "port": 33282
        },
        "device": {
          "ip": "192.0.2.1"
        },
        "event": {
          "action": "netflow",
          "created": "2016-09-10T16:23:30Z",
          "duration": 176903000000,
          "end": "2016-09-10T16:20:32.666Z",
          "start": "2016-09-10T16:17:35.763Z"
        },
        "flow": {
          "id": "HKh39QAnkVg",
          "locality": "private"
        },
        "netflow": {
          "deltaFlowCount": 0,
          "destinationIPv4Address": "10.4.0.251",
          "destinationMacAddress": "44:d9:e7:be:ef:89",
          "destinationTransportPort": 33282,
          "egressInterface": 0,
          "exporter": {
            "address": "192.0.2.1:4444",
            "sourceId": 0,
            "timestamp": "2016-09-10T16:23:30Z",
            "uptimeMillis": 409360002,
            "version": 9
          },
          "flowDirection": 0,
          "flowEndSysUpTime": 409182668,
          "flowStartSysUpTime": 409005765,
          "ingressInterface": 4,
          "ipClassOfService": 0,
          "ipVersion": 4,
          "mplsLabelStackLength": 4,
          "octetDeltaCount": 10204,
          "packetDeltaCount": 30,
          "protocolIdentifier": 6,
          "sourceIPv4Address": "10.1.0.30",
          "sourceMacAddress": "06:be:ef:be:ef:4f",
          "sourceTransportPort": 443,
          "tcpControlBits": 31,
          "type": "netflow",
          "vlanId": 0
        },
        "network": {
          "bytes": 10204,
          "direction": "inbound",
          "packets": 30,
          "protocol": "tcp"
        },
        "source": {
          "ip": "10.1.0.30",
          "locality": "private",
          "mac": "06:be:ef:be:ef:4f",
          "port": 443
        }
      },
      "Private": null
    },
    {
      "Timestamp": "2016-09-10T16:23:30Z",
      "Meta": null,
      "Fields": {
        "destination": {
          "ip": "10.4.0.251",
          "locality": "private",
          "mac": "44:d9:e7:be:ef:89",
          "port": 64642
        },
        "device": {
          "ip": "192.0.2.1"
        },
        "event": {
          "action": "netflow",
          "created": "2016-09-10T16:23:30Z",
          "duration": 0,
          "end": "2016-09-10T15:22:36.207Z",
          "start": "2016-09-10T15:22:36.207Z"
        },
        "flow": {
          "id": "odKR5mjX26E",
          "locality": "private"
        },
        "netflow": {
          "deltaFlowCount": 0,
          "destinationIPv4Address": "10.4.0.251",
          "destinationMacAddress": "44:d9:e7:be:ef:89",
          "destinationTransportPort": 64642,
          "egressInterface": 0,
          "exporter": {
            "address": "192.0.2.1:4444",
            "sourceId": 0,
            "timestamp": "2016-09-10T16:23:30Z",
            "uptimeMillis": 409360002,
            "version": 9
          },
          "flowDirection": 0,
          "flowEndSysUpTime": 405706209,
          "flowStartSysUpTime": 405706209,
          "ingressInterface": 4,
          "ipClassOfService": 0,
          "ipVersion": 4,
          "mplsLabelStackLength": 4,
          "octetDeltaCount": 216,
          "packetDeltaCount": 4,
          "protocolIdentifier": 6,
          "sourceIPv4Address": "10.3.0.100",
          "sourceMacAddress": "06:be:ef:be:ef:4f",
          "sourceTransportPort": 443,
          "tcpControlBits": 27,
          "type": "netflow",
          "vlanId": 0
        },
        "network": {
          "bytes": 216,
          "direction": "inbound",
          "packets": 4,
          "protocol": "tcp"
        },
        "source": {
          "ip": "10.3.0.100",
          "locality": "private",
          "mac": "06:be:ef:be:ef:4f",
          "port": 443
        }
      },
      "Private": null
    },
    {
      "Timestamp": "2016-09-10T16:23:30Z",
      "Meta": null,
      "Fields": {
        "destination": {
          "ip": "10.4.0.251",
          "locality": "private",
          "mac": "44:d9:e7:be:ef:89",
          "port": 9497
        },
        "device": {
          "ip": "192.0.2.1"
        },
        "event": {
          "action": "netflow",
          "created": "2016-09-10T16:23:30Z",
          "duration": 0,
          "end": "2016-09-10T16:17:35.661Z",
          "start": "2016-09-10T16:17:35.661Z"
        },
        "flow": {
          "id": "jmSySB9x9F4",
          "locality": "private"
        },
        "netflow": {
          "deltaFlowCount": 0,
          "destinationIPv4Address": "10.4.0.251",
          "destinationMacAddress": "44:d9:e7:be:ef:89",
          "destinationTransportPort": 9497,
          "egressInterface": 0,
          "exporter": {
            "address": "192.0.2.1:4444",
            "sourceId": 0,
            "timestamp": "2016-09-10T16:23:30Z",
            "uptimeMillis": 409360002,
            "version": 9
          },
          "flowDirection": 0,
          "flowEndSysUpTime": 409005663,
          "flowStartSysUpTime": 409005663,
          "ingressInterface": 4,
          "ipClassOfService": 0,
          "ipVersion": 4,
          "mplsLabelStackLength": 4,
          "octetDeltaCount": 152,
          "packetDeltaCount": 1,
          "protocolIdentifier": 17,
          "sourceIPv4Address": "10.1.0.135",
          "sourceMacAddress": "06:be:ef:be:ef:4f",
          "sourceTransportPort": 53,
          "tcpControlBits": 0,
          "type": "netflow",
          "vlanId": 0
        },
        "network": {
          "bytes": 152,
          "direction": "inbound",
          "packets": 1,
          "protocol": "udp"
        },
        "source": {
          "ip": "10.1.0.135",
          "locality": "private",
          "mac": "06:be:ef:be:ef:4f",
          "port": 53
        }
      },
      "Private": null
    },
    {
      "Timestamp": "2016-09-10T16:24:08Z",
      "Meta": null,
      "Fields": {
        "destination": {
          "ip": "10.0.0.73",
          "locality": "private",
          "port": 443
        },
        "device": {
          "ip": "192.0.2.1"
        },
        "event": {
          "action": "netflow",
          "created": "2016-09-10T16:24:08Z",
          "duration": 116000000,
          "end": "2016-09-10T15:23:38.951Z",
          "start": "2016-09-10T15:23:38.835Z"
        },
        "flow": {
          "id": "JhG_lEoQYB0",
          "locality": "private"
        },
        "netflow": {
          "deltaFlowCount": 0,
          "destinationIPv4Address": "10.0.0.73",
          "destinationTransportPort": 443,
          "egressInterface": 4,
          "exporter": {
            "address": "192.0.2.1:4444",
            "sourceId": 0,
            "timestamp": "2016-09-10T16:24:08Z",
            "uptimeMillis": 409398185,
            "version": 9
          },
          "flowDirection": 1,
          "flowEndSysUpTime": 405769136,
          "flowStartSysUpTime": 405769020,
          "ingressInterface": 2,
          "ipClassOfService": 0,
          "ipVersion": 4,
          "mplsLabelStackLength": 4,
          "octetDeltaCount": 260,
          "packetDeltaCount": 5,
          "postDestinationMacAddress": "44:d9:e7:be:ef:8e",
          "postSourceMacAddress": "44:d9:e7:be:ef:22",
          "postVlanId": 0,
          "protocolIdentifier": 6,
          "sourceIPv4Address": "192.168.1.98",
          "sourceTransportPort": 55105,
          "tcpControlBits": 27,
          "type": "netflow"
        },
        "network": {
          "bytes": 260,
          "direction": "outbound",
          "packets": 5,
          "protocol": "tcp"
        },
        "source": {
          "ip": "192.168.1.98",
          "locality": "private",
          "port": 55105
        }
      },
      "Private": null
    },
    {
      "Timestamp": "2016-09-10T16:24:08Z",
      "Meta": null,
      "Fields": {
        "destination": {
          "ip": "255.255.255.255",
          "locality": "private",
          "port": 10001
        },
        "device": {
          "ip": "192.0.2.1"
        },
        "event": {
          "action": "netflow",
          "created": "2016-09-10T16:24:08Z",
          "duration": 0,
          "end": "2016-09-10T16:18:39.443Z",
          "start": "2016-09-10T16:18:39.443Z"
        },
        "flow": {
          "id": "p7SVhtV-_NQ",
          "locality": "private"
        },
        "netflow": {
          "deltaFlowCount": 0,
          "destinationIPv4Address": "255.255.255.255",
          "destinationTransportPort": 10001,
          "egressInterface": 4,
          "exporter": {
            "address": "192.0.2.1:4444",
            "sourceId": 0,
            "timestamp": "2016-09-10T16:24:08Z",
            "uptimeMillis": 409398185,
            "version": 9
          },
          "flowDirection": 1,
          "flowEndSysUpTime": 409069628,
          "flowStartSysUpTime": 409069628,
          "ingressInterface": 0,
          "ipClassOfService": 0,
          "ipVersion": 4,
          "mplsLabelStackLength": 4,
          "octetDeltaCount": 32,
          "packetDeltaCount": 1,
          "postDestinationMacAddress": "00:00:00:00:00:00",
          "postSourceMacAddress": "00:00:00:00:00:00",
          "postVlanId": 0,
          "protocolIdentifier": 17,
          "sourceIPv4Address": "10.4.0.251",
          "sourceTransportPort": 42506,
          "tcpControlBits": 0,
          "type": "netflow"
        },
        "network": {
          "bytes": 32,
          "direction": "outbound",
          "packets": 1,
          "protocol": "udp"
        },
        "source": {
          "ip": "10.4.0.251",
          "locality": "private",
          "port": 42506
        }
      },
      "Private": null
    },
    {
      "Timestamp": "2016-09-10T16:24:08Z",
      "Meta": null,
      "Fields": {
        "destination": {
          "ip": "255.255.255.255",
          "locality": "private",
          "port": 37868
        },
        "device": {
          "ip": "192.0.2.1"
        },
        "event": {
          "action": "netflow",
          "created": "2016-09-10T16:24:08Z",
          "duration": 0,
          "end": "2016-09-10T16:18:39.443Z",
          "start": "2016-09-10T16:18:39.443Z"
        },
        "flow": {
          "id": "nQrz4FxBtZw",
          "locality": "private"
        },
        "netflow": {
          "deltaFlowCount": 0,
          "destinationIPv4Address": "255.255.255.255",
          "destinationTransportPort": 37868,
          "egressInterface": 4,
          "exporter": {
            "address": "192.0.2.1:4444",
            "sourceId": 0,
            "timestamp": "2016-09-10T16:24:08Z",
            "uptimeMillis": 409398185,
            "version": 9
          },
          "flowDirection": 1,
          "flowEndSysUpTime": 409069628,
          "flowStartSysUpTime": 409069628,
          "ingressInterface": 0,
          "ipClassOfService": 0,
          "ipVersion": 4,
          "mplsLabelStackLength": 4,
          "octetDeltaCount": 135,
          "packetDeltaCount": 1,
          "postDestinationMacAddress": "00:00:00:00:00:00",
          "postSourceMacAddress": "00:00:00:00:00:00",
          "postVlanId": 0,
          "protocolIdentifier": 17,
          "sourceIPv4Address": "10.4.0.251",
          "sourceTransportPort": 40295,
          "tcpControlBits": 0,
          "type": "netflow"
        },
        "network": {
          "bytes": 135,
          "direction": "outbound",
          "packets": 1,
          "protocol": "udp"
        },
        "source": {
          "ip": "10.4.0.251",
          "locality": "private",
          "port": 40295
        }
      },
      "Private": null
    },
    {
      "Timestamp": "2016-09-10T16:24:08Z",
      "Meta": null,
      "Fields": {
        "destination": {
          "ip": "255.255.255.255",
          "locality": "private",
          "port": 56911
        },
        "device": {
          "ip": "192.0.2.1"
        },
        "event": {
          "action": "netflow",
          "created": "2016-09-10T16:24:08Z",
          "duration": 0,
          "end": "2016-09-10T16:18:39.443Z",
          "start": "2016-09-10T16:18:39.443Z"
        },
        "flow": {
          "id": "sA5GmmWb4JM",
          "locality": "private"
        },
        "netflow": {
          "deltaFlowCount": 0,
          "destinationIPv4Address": "255.255.255.255",
          "destinationTransportPort": 56911,
          "egressInterface": 4,
          "exporter": {
            "address": "192.0.2.1:4444",
            "sourceId": 0,
            "timestamp": "2016-09-10T16:24:08Z",
            "uptimeMillis": 409398185,
            "version": 9
          },
          "flowDirection": 1,
          "flowEndSysUpTime": 409069628,
          "flowStartSysUpTime": 409069628,
          "ingressInterface": 0,
          "ipClassOfService": 0,
          "ipVersion": 4,
          "mplsLabelStackLength": 4,
          "octetDeltaCount": 135,
          "packetDeltaCount": 1,
          "postDestinationMacAddress": "00:00:00:00:00:00",
          "postSourceMacAddress": "00:00:00:00:00:00",
          "postVlanId": 0,
          "protocolIdentifier": 17,
          "sourceIPv4Address": "10.4.0.251",
          "sourceTransportPort": 36071,
          "tcpControlBits": 0,
          "type": "netflow"
        },
        "network": {
          "bytes": 135,
          "direction": "outbound",
          "packets": 1,
          "protocol": "udp"
        },
        "source": {
          "ip": "10.4.0.251",
          "locality": "private",
          "port": 36071
        }
      },
      "Private": null
    },
    {
      "Timestamp": "2016-09-10T16:24:08Z",
      "Meta": null,
      "Fields": {
        "destination": {
          "ip": "255.255.255.255",
          "locality": "private",
          "port": 56327
        },
        "device": {
          "ip": "192.0.2.1"
        },
        "event": {
          "action": "netflow",
          "created": "2016-09-10T16:24:08Z",
          "duration": 0,
          "end": "2016-09-10T16:18:39.443Z",
          "start": "2016-09-10T16:18:39.443Z"
        },
        "flow": {
          "id": "NSg4n2Hl_Zk",
          "locality": "private"
        },
        "netflow": {
          "deltaFlowCount": 0,
          "destinationIPv4Address": "255.255.255.255",
          "destinationTransportPort": 56327,
          "egressInterface": 4,
          "exporter": {
            "address": "192.0.2.1:4444",
            "sourceId": 0,
            "timestamp": "2016-09-10T16:24:08Z",
            "uptimeMillis": 409398185,
            "version": 9
          },
          "flowDirection": 1,
          "flowEndSysUpTime": 409069628,
          "flowStartSysUpTime": 409069628,
          "ingressInterface": 0,
          "ipClassOfService": 0,
          "ipVersion": 4,
          "mplsLabelStackLength": 4,
          "octetDeltaCount": 135,
          "packetDeltaCount": 1,
          "postDestinationMacAddress": "00:00:00:00:00:00",
          "postSourceMacAddress": "00:00:00:00:00:00",
          "postVlanId": 0,
          "protocolIdentifier": 17,
          "sourceIPv4Address": "10.4.0.251",
          "sourceTransportPort": 49829,
          "tcpControlBits": 0,
          "type": "netflow"
        },
        "network": {
          "bytes": 135,
          "direction": "outbound",
          "packets": 1,
          "protocol": "udp"
        },
        "source": {
          "ip": "10.4.0.251",
          "locality": "private",
          "port": 49829
        }
      },
      "Private": null
    },
    {
      "Timestamp": "2016-09-10T16:24:08Z",
      "Meta": null,
      "Fields": {
        "destination": {
          "ip": "255.255.255.255",
          "locality": "private",
          "port": 56239
        },
        "device": {
          "ip": "192.0.2.1"
        },
        "event": {
          "action": "netflow",
          "created": "2016-09-10T16:24:08Z",
          "duration": 0,
          "end": "2016-09-10T16:18:39.443Z",
          "start": "2016-09-10T16:18:39.443Z"
        },
        "flow": {
          "id": "SgT6qnJ1Q7U",
          "locality": "private"
        },
        "netflow": {
          "deltaFlowCount": 0,
          "destinationIPv4Address": "255.255.255.255",
          "destinationTransportPort": 56239,
          "egressInterface": 4,
          "exporter": {
            "address": "192.0.2.1:4444",
            "sourceId": 0,
            "timestamp": "2016-09-10T16:24:08Z",
            "uptimeMillis": 409398185,
            "version": 9
          },
          "flowDirection": 1,
          "flowEndSysUpTime": 409069628,
          "flowStartSysUpTime": 409069628,
          "ingressInterface": 0,
          "ipClassOfService": 0,
          "ipVersion": 4,
          "mplsLabelStackLength": 4,
          "octetDeltaCount": 135,
          "packetDeltaCount": 1,
          "postDestinationMacAddress": "00:00:00:00:00:00",
          "postSourceMacAddress": "00:00:00:00:00:00",
          "postVlanId": 0,
          "protocolIdentifier": 17,
          "sourceIPv4Address": "10.4.0.251",
          "sourceTransportPort": 35059,
          "tcpControlBits": 0,
          "type": "netflow"
        },
        "network": {
          "bytes": 135,
          "direction": "outbound",
          "packets": 1,
          "protocol": "udp"
        },
        "source": {
          "ip": "10.4.0.251",
          "locality": "private",
          "port": 35059
        }
      },
      "Private": null
    },
    {
      "Timestamp": "2016-09-10T16:24:08Z",
      "Meta": null,
      "Fields": {
        "destination": {
          "ip": "255.255.255.255",
          "locality": "private",
          "port": 39832
        },
        "device": {
          "ip": "192.0.2.1"
        },
        "event": {
          "action": "netflow",
          "created": "2016-09-10T16:24:08Z",
          "duration": 0,
          "end": "2016-09-10T16:18:39.443Z",
          "start": "2016-09-10T16:18:39.443Z"
        },
        "flow": {
          "id": "9KP-X-siVpY",
          "locality": "private"
        },
        "netflow": {
          "deltaFlowCount": 0,
          "destinationIPv4Address": "255.255.255.255",
          "destinationTransportPort": 39832,
          "egressInterface": 4,
          "exporter": {
            "address": "192.0.2.1:4444",
            "sourceId": 0,
            "timestamp": "2016-09-10T16:24:08Z",
            "uptimeMillis": 409398185,
            "version": 9
          },
          "flowDirection": 1,
          "flowEndSysUpTime": 409069628,
          "flowStartSysUpTime": 409069628,
          "ingressInterface": 0,
          "ipClassOfService": 0,
          "ipVersion": 4,
          "mplsLabelStackLength": 4,
          "octetDeltaCount": 135,
          "packetDeltaCount": 1,
          "postDestinationMacAddress": "00:00:00:00:00:00",
          "postSourceMacAddress": "00:00:00:00:00:00",
          "postVlanId": 0,
          "protocolIdentifier": 17,
          "sourceIPv4Address": "10.4.0.251",
          "sourceTransportPort": 38231,
          "tcpControlBits": 0,
          "type": "netflow"
        },
        "network": {
          "bytes": 135,
          "direction": "outbound",
          "packets": 1,
          "protocol": "udp"
        },
        "source": {
          "ip": "10.4.0.251",
          "locality": "private",
          "port": 38231
        }
      },
      "Private": null
    },
    {
      "Timestamp": "2016-09-10T16:24:08Z",
      "Meta": null,
      "Fields": {
        "destination": {
          "ip": "10.2.0.95",
          "locality": "private",
          "port": 443
        },
        "device": {
          "ip": "192.0.2.1"
        },
        "event": {
          "action": "netflow",
          "created": "2016-09-10T16:24:08Z",
          "duration": 1250988000000,
          "end": "2016-09-10T15:23:44.363Z",
          "start": "2016-09-10T15:02:53.375Z"
        },
        "flow": {
          "id": "1FSVPXmZiq4",
          "locality": "private"
        },
        "netflow": {
          "deltaFlowCount": 0,
          "destinationIPv4Address": "10.2.0.95",
          "destinationTransportPort": 443,
          "egressInterface": 4,
          "exporter": {
            "address": "192.0.2.1:4444",
            "sourceId": 0,
            "timestamp": "2016-09-10T16:24:08Z",
            "uptimeMillis": 409398185,
            "version": 9
          },
          "flowDirection": 1,
          "flowEndSysUpTime": 405774548,
          "flowStartSysUpTime": 404523560,
          "ingressInterface": 2,
          "ipClassOfService": 0,
          "ipVersion": 4,
          "mplsLabelStackLength": 4,
          "octetDeltaCount": 3668,
          "packetDeltaCount": 21,
          "postDestinationMacAddress": "44:d9:e7:be:ef:8e",
          "postSourceMacAddress": "06:be:ef:be:ef:b9",
          "postVlanId": 0,
          "protocolIdentifier": 6,
          "sourceIPv4Address": "192.168.1.102",
          "sourceTransportPort": 47690,
          "tcpControlBits": 27,
          "type": "netflow"
        },
        "network": {
          "bytes": 3668,
          "direction": "outbound",
          "packets": 21,
          "protocol": "tcp"
        },
        "source": {
          "ip": "192.168.1.102",
          "locality": "private",
          "port": 47690
        }
      },
      "Private": null
    }
  ]
}