{
  "test_name": "Netflow 9 Palo Alto PAN-OS with app-id",
  "events": [
    {
      "Timestamp": "2017-11-13T14:39:31Z",
      "Meta": null,
      "Fields": {
        "destination": {
          "ip": "10.32.91.205",
          "locality": "private",
          "port": 49519
        },
        "device": {
          "ip": "192.0.2.1"
        },
        "event": {
          "action": "netflow",
          "created": "2017-11-13T14:39:31Z",
          "duration": 0,
          "end": "2017-11-13T14:39:31Z",
          "start": "2017-11-13T14:39:31Z"
        },
        "flow": {
          "id": "TjiJZcm_jfQ",
          "locality": "public"
        },
        "netflow": {
          "destinationIPv4Address": "10.32.91.205",
          "destinationTransportPort": 49519,
          "egressInterface": 24,
          "exporter": {
            "address": "192.0.2.1:4444",
            "sourceId": 1,
            "timestamp": "2017-11-13T14:39:31Z",
            "uptimeMillis": 1803238112,
            "version": 9
          },
          "firewallEvent": 1,
          "flowDirection": 0,
          "flowEndSysUpTime": 1803238112,
          "flowId": 421604,
          "flowStartSysUpTime": 1803238112,
          "icmpTypeCodeIPv4": 0,
          "ingressInterface": 23,
          "ipClassOfService": 0,
          "octetDeltaCount": 70,
          "packetDeltaCount": 1,
          "privateEnterpriseNumber": 25461,
          "protocolIdentifier": 6,
          "sourceIPv4Address": "23.35.171.27",
          "sourceTransportPort": 80,
          "tcpControlBits": 18,
          "type": "netflow"
        },
        "network": {
          "bytes": 70,
          "direction": "inbound",
          "packets": 1,
          "protocol": "tcp"
        },
        "source": {
          "ip": "23.35.171.27",
          "locality": "public",
          "port": 80
        }
      },
      "Private": null
    },
    {
      "Timestamp": "2017-11-13T14:39:31Z",
      "Meta": null,
      "Fields": {
        "destination": {
          "ip": "162.115.24.30",
          "locality": "public",
          "port": 443
        },
        "device": {
          "ip": "192.0.2.1"
        },
        "event": {
          "action": "netflow",
          "created": "2017-11-13T14:39:31Z",
          "duration": 339000000000,
          "end": "2017-11-13T14:39:31Z",
          "start": "2017-11-13T14:33:52Z"
        },
        "flow": {
          "id": "EfRDtcx9dGw",
          "locality": "private"
        },
        "netflow": {
          "destinationIPv4Address": "162.115.24.30",
          "destinationTransportPort": 443,
          "egressInterface": 23,
          "exporter": {
            "address": "192.0.2.1:4444",
            "sourceId": 1,
            "timestamp": "2017-11-13T14:39:31Z",
            "uptimeMillis": 1803238112,
            "version": 9
          },
          "firewallEvent": 5,
          "flowDirection": 0,
          "flowEndSysUpTime": 1803238112,
          "flowId": 415347,
          "flowStartSysUpTime": 1802899112,
          "icmpTypeCodeIPv4": 0,
          "ingressInterface": 24,
          "ipClassOfService": 0,
          "octetDeltaCount": 111,
          "packetDeltaCount": 1,
          "privateEnterpriseNumber": 25461,
          "protocolIdentifier": 6,
          "sourceIPv4Address": "10.32.105.103",
          "sourceTransportPort": 39702,
          "tcpControlBits": 26,
          "type": "netflow"
        },
        "network": {
          "bytes": 111,
          "direction": "inbound",
          "packets": 1,
          "protocol": "tcp"
        },
        "source": {
          "ip": "10.32.105.103",
          "locality": "private",
          "port": 39702
        }
      },
      "Private": null
    },
    {
      "Timestamp": "2017-11-13T14:39:31Z",
      "Meta": null,
      "Fields": {
        "destination": {
          "ip": "34.202.173.126",
          "locality": "public",
          "port": 443
        },
        "device": {
          "ip": "192.0.2.1"
        },
        "event": {
          "action": "netflow",
          "created": "2017-11-13T14:39:31Z",
          "duration": 0,
          "end": "2017-11-13T14:39:31Z",
          "start": "2017-11-13T14:39:31Z"
        },
        "flow": {
          "id": "12DeYybcEdw",
          "locality": "private"
        },
        "netflow": {
          "destinationIPv4Address": "34.202.173.126",
          "destinationTransportPort": 443,
          "egressInterface": 23,
          "exporter": {
            "address": "192.0.2.1:4444",
            "sourceId": 1,
            "timestamp": "2017-11-13T14:39:31Z",
            "uptimeMillis": 1803238112,
            "version": 9
          },
          "firewallEvent": 1,
          "flowDirection": 0,
          "flowEndSysUpTime": 1803238112,
          "flowId": 34878752,
          "flowStartSysUpTime": 1803238112,
          "icmpTypeCodeIPv4": 0,
          "ingressInterface": 24,
          "ipClassOfService": 0,
          "octetDeltaCount": 70,
          "packetDeltaCount": 1,
          "privateEnterpriseNumber": 25461,
          "protocolIdentifier": 6,
          "sourceIPv4Address": "10.32.144.145",
          "sourceTransportPort": 52069,
          "tcpControlBits": 2,
          "type": "netflow"
        },
        "network": {
          "bytes": 70,
          "direction": "inbound",
          "packets": 1,
          "protocol": "tcp"
        },
        "source": {
          "ip": "10.32.144.145",
          "locality": "private",
          "port": 52069
        }
      },
      "Private": null
    },
    {
      "Timestamp": "2017-11-13T14:39:31Z",
      "Meta": null,
      "Fields": {
        "destination": {
          "ip": "10.130.145.44",
          "locality": "private",
          "port": 49449
        },
        "device": {
          "ip": "192.0.2.1"
        },
        "event": {
          "action": "netflow",
          "created": "2017-11-13T14:39:31Z",
          "duration": 0,
          "end": "2017-11-13T14:39:31Z",
          "start": "2017-11-13T14:39:31Z"
        },
        "flow": {
          "id": "qVYDELU6018",
          "locality": "public"
        },
        "netflow": {
          "destinationIPv4Address": "10.130.145.44",
          "destinationTransportPort": 49449,
          "egressInterface": 24,
          "exporter": {
            "address": "192.0.2.1:4444",
            "sourceId": 1,
            "timestamp": "2017-11-13T14:39:31Z",
            "uptimeMillis": 1803238112,
            "version": 9
          },
          "firewallEvent": 1,
          "flowDirection": 0,
          "flowEndSysUpTime": 1803238112,
          "flowId": 34578179,
          "flowStartSysUpTime": 1803238112,
          "icmpTypeCodeIPv4": 0,
          "ingressInterface": 23,
          "ipClassOfService": 0,
          "octetDeltaCount": 70,
          "packetDeltaCount": 1,
          "privateEnterpriseNumber": 25461,
          "protocolIdentifier": 6,
          "sourceIPv4Address": "23.209.52.99",
          "sourceTransportPort": 443,
          "tcpControlBits": 18,
          "type": "netflow"
        },
        "network": {
          "bytes": 70,
          "direction": "inbound",
          "packets": 1,
          "protocol": "tcp"
        },
        "source": {
          "ip": "23.209.52.99",
          "locality": "public",
          "port": 443
        }
      },
      "Private": null
    },
    {
      "Timestamp": "2017-11-13T14:39:31Z",
      "Meta": null,
      "Fields": {
        "destination": {
          "ip": "10.50.96.20",
          "locality": "private",
          "port": 5432
        },
        "device": {
          "ip": "192.0.2.1"
        },
        "event": {
          "action": "netflow",
          "created": "2017-11-13T14:39:31Z",
          "duration": 0,
          "end": "2017-11-13T14:39:31Z",
          "start": "2017-11-13T14:39:31Z"
        },
        "flow": {
          "id": "TpoaO_sdw_E",
          "locality": "private"
        },
        "netflow": {
          "destinationIPv4Address": "10.50.96.20",
          "destinationTransportPort": 5432,
          "egressInterface": 24,
          "exporter": {
            "address": "192.0.2.1:4444",
            "sourceId": 1,
            "timestamp": "2017-11-13T14:39:31Z",
            "uptimeMillis": 1803238112,
            "version": 9
          },
          "firewallEvent": 1,
          "flowDirection": 0,
          "flowEndSysUpTime": 1803238112,
          "flowId": 34078638,
          "flowStartSysUpTime": 1803238112,
          "icmpTypeCodeIPv4": 0,
          "ingressInterface": 23,
          "ipClassOfService": 0,
          "octetDeltaCount": 78,
          "packetDeltaCount": 1,
          "privateEnterpriseNumber": 25461,
          "protocolIdentifier": 6,
          "sourceIPv4Address": "10.50.97.57",
          "sourceTransportPort": 55481,
          "tcpControlBits": 2,
          "type": "netflow"
        },
        "network": {
          "bytes": 78,
          "direction": "inbound",
          "packets": 1,
          "protocol": "tcp"
        },
        "source": {
          "ip": "10.50.97.57",
          "locality": "private",
          "port": 55481
        }
      },
      "Private": null
    },
    {
      "Timestamp": "2017-11-13T14:39:31Z",
      "Meta": null,
      "Fields": {
        "destination": {
          "ip": "10.50.97.57",
          "locality": "private",
          "port": 55481
        },
        "device": {
          "ip": "192.0.2.1"
        },
        "event": {
          "action": "netflow",
          "created": "2017-11-13T14:39:31Z",
          "duration": 0,
          "end": "2017-11-13T14:39:31Z",
          "start": "2017-11-13T14:39:31Z"
        },
        "flow": {
          "id": "6dFcKC1QoJM",
          "locality": "private"
        },
        "netflow": {
          "destinationIPv4Address": "10.50.97.57",
          "destinationTransportPort": 55481,
          "egressInterface": 23,
          "exporter": {
            "address": "192.0.2.1:4444",
            "sourceId": 1,
            "timestamp": "2017-11-13T14:39:31Z",
            "uptimeMillis": 1803238112,
            "version": 9
          },
          "firewallEvent": 1,
          "flowDirection": 0,
          "flowEndSysUpTime": 1803238112,
          "flowId": 34078638,
          "flowStartSysUpTime": 1803238112,
          "icmpTypeCodeIPv4": 0,
          "ingressInterface": 24,
          "ipClassOfService": 0,
          "octetDeltaCount": 78,
          "packetDeltaCount": 1,
          "privateEnterpriseNumber": 25461,
          "protocolIdentifier": 6,
          "sourceIPv4Address": "10.50.96.20",
          "sourceTransportPort": 5432,
          "tcpControlBits": 18,
          "type": "netflow"
        },
        "network": {
          "bytes": 78,
          "direction": "inbound",
          "packets": 1,
          "protocol": "tcp"
        },
        "source": {
          "ip": "10.50.96.20",
          "locality": "private",
          "port": 5432
        }
      },
      "Private": null
    },
    {
      "Timestamp": "2017-11-13T14:39:31Z",
      "Meta": null,
      "Fields": {
        "destination": {
          "ip": "10.48.208.209",
          "locality": "private",
          "port": 60068
        },
        "device": {
          "ip": "192.0.2.1"
        },
        "event": {
          "action": "netflow",
          "created": "2017-11-13T14:39:31Z",
          "duration": 0,
          "end": "2017-11-13T14:39:31Z",
          "start": "2017-11-13T14:39:31Z"
        },
        "flow": {
          "id": "Yz_JFHfclJQ",
          "locality": "public"
        },
        "netflow": {
          "destinationIPv4Address": "10.48.208.209",
          "destinationTransportPort": 60068,
          "egressInterface": 24,
          "exporter": {
            "address": "192.0.2.1:4444",
            "sourceId": 1,
            "timestamp": "2017-11-13T14:39:31Z",
            "uptimeMillis": 1803238112,
            "version": 9
          },
          "firewallEvent": 1,
          "flowDirection": 0,
          "flowEndSysUpTime": 1803238112,
          "flowId": 280972,
          "flowStartSysUpTime": 1803238112,
          "icmpTypeCodeIPv4": 0,
          "ingressInterface": 23,
          "ipClassOfService": 0,
          "octetDeltaCount": 70,
          "packetDeltaCount": 1,
          "privateEnterpriseNumber": 25461,
          "protocolIdentifier": 6,
          "sourceIPv4Address": "34.234.173.147",
          "sourceTransportPort": 443,
          "tcpControlBits": 18,
          "type": "netflow"
        },
        "network": {
          "bytes": 70,
          "direction": "inbound",
          "packets": 1,
          "protocol": "tcp"
        },
        "source": {
          "ip": "34.234.173.147",
          "locality": "public",
          "port": 443
        }
      },
      "Private": null
    },
    {
      "Timestamp": "2017-11-13T14:39:31Z",
      "Meta": null,
      "Fields": {
        "destination": {
          "ip": "65.52.108.254",
          "locality": "public",
          "port": 443
        },
        "device": {
          "ip": "192.0.2.1"
        },
        "event": {
          "action": "netflow",
          "created": "2017-11-13T14:39:31Z",
          "duration": 0,
          "end": "2017-11-13T14:39:31Z",
          "start": "2017-11-13T14:39:31Z"
        },
        "flow": {
          "id": "gK9a_4GC8F8",
          "locality": "private"
        },
        "netflow": {
          "destinationIPv4Address": "65.52.108.254",
          "destinationTransportPort": 443,
          "egressInterface": 23,
          "exporter": {
            "address": "192.0.2.1:4444",
            "sourceId": 1,
            "timestamp": "2017-11-13T14:39:31Z",
            "uptimeMillis": 1803238112,
            "version": 9
          },
          "firewallEvent": 1,
          "flowDirection": 0,
          "flowEndSysUpTime": 1803238112,
          "flowId": 35036619,
          "flowStartSysUpTime": 1803238112,
          "icmpTypeCodeIPv4": 0,
          "ingressInterface": 24,
          "ipClassOfService": 0,
          "octetDeltaCount": 70,
          "packetDeltaCount": 1,
          "privateEnterpriseNumber": 25461,
          "protocolIdentifier": 6,
          "sourceIPv4Address": "10.130.167.43",
          "sourceTransportPort": 62196,
          "tcpControlBits": 2,
          "type": "netflow"
        },
        "network": {
          "bytes": 70,
          "direction": "inbound",
          "packets": 1,
          "protocol": "tcp"
        },
        "source": {
          "ip": "10.130.167.43",
          "locality": "private",
          "port": 62196
        }
      },
      "Private": null
    }
  ]
}