{
  "test_name": "Netflow 9 Cisco NBAR options template 260",
  "events": [
    {
      "Timestamp": "2017-02-14T11:09:59Z",
      "Meta": null,
      "Fields": {
        "device": {
          "ip": "192.0.2.1"
        },
        "event": {
          "action": "netflow_options",
          "created": "2017-02-14T11:09:59Z"
        },
        "netflow": {
          "exporter": {
            "address": "192.0.2.1:4444",
            "sourceId": 0,
            "timestamp": "2017-02-14T11:09:59Z",
            "uptimeMillis": 1980395436,
            "version": 9
          },
          "options": {
            "applicationDescription": "Exterior Gateway Protocol",
            "applicationId": "AQAACA==",
            "applicationName": "egp"
          },
          "scope": {
            "octetDeltaCount": 168755571
          },
          "type": "netflow_options"
        }
      },
      "Private": null
    },
    {
      "Timestamp": "2017-02-14T11:09:59Z",
      "Meta": null,
      "Fields": {
        "device": {
          "ip": "192.0.2.1"
        },
        "event": {
          "action": "netflow_options",
          "created": "2017-02-14T11:09:59Z"
        },
        "netflow": {
          "exporter": {
            "address": "192.0.2.1:4444",
            "sourceId": 0,
            "timestamp": "2017-02-14T11:09:59Z",
            "uptimeMillis": 1980395436,
            "version": 9
          },
          "options": {
            "applicationDescription": "General Routing Encapsulation",
            "applicationId": "AQAALw==",
            "applicationName": "gre"
          },
          "scope": {
            "octetDeltaCount": 168755571
          },
          "type": "netflow_options"
        }
      },
      "Private": null
    },
    {
      "Timestamp": "2017-02-14T11:09:59Z",
      "Meta": null,
      "Fields": {
        "device": {
          "ip": "192.0.2.1"
        },
        "event": {
          "action": "netflow_options",
          "created": "2017-02-14T11:09:59Z"
        },
        "netflow": {
          "exporter": {
            "address": "192.0.2.1:4444",
            "sourceId": 0,
            "timestamp": "2017-02-14T11:09:59Z",
            "uptimeMillis": 1980395436,
            "version": 9
          },
          "options": {
            "applicationDescription": "Internet Control Message",
            "applicationId": "AQAAAQ==",
            "applicationName": "icmp"
          },
          "scope": {
            "octetDeltaCount": 168755571
          },
          "type": "netflow_options"
        }
      },
      "Private": null
    },
    {
      "Timestamp": "2017-02-14T11:09:59Z",
      "Meta": null,
      "Fields": {
        "device": {
          "ip": "192.0.2.1"
        },
        "event": {
          "action": "netflow_options",
          "created": "2017-02-14T11:09:59Z"
        },
        "netflow": {
          "exporter": {
            "address": "192.0.2.1:4444",
            "sourceId": 0,
            "timestamp": "2017-02-14T11:09:59Z",
            "uptimeMillis": 1980395436,
            "version": 9
          },
          "options": {
            "applicationDescription": "Enhanced Interior Gateway Routing Protocol",
            "applicationId": "AQAAWA==",
            "applicationName": "eigrp"
          },
          "scope": {
            "octetDeltaCount": 168755571
          },
          "type": "netflow_options"
        }
      },
      "Private": null
    },
    {
      "Timestamp": "2017-02-14T11:09:59Z",
      "Meta": null,
      "Fields": {
        "device": {
          "ip": "192.0.2.1"
        },
        "event": {
          "action": "netflow_options",
          "created": "2017-02-14T11:09:59Z"
        },
        "netflow": {
          "exporter": {
            "address": "192.0.2.1:4444",
            "sourceId": 0,
            "timestamp": "2017-02-14T11:09:59Z",
            "uptimeMillis": 1980395436,
            "version": 9
          },
          "options": {
            "applicationDescription": "IP in IP",
            "applicationId": "AQAABA==",
            "applicationName": "ipinip"
          },
          "scope": {
            "octetDeltaCount": 168755571
          },
          "type": "netflow_options"
        }
      },
      "Private": null
    },
    {
      "Timestamp": "2017-02-14T11:09:59Z",
      "Meta": null,
      "Fields": {
        "device": {
          "ip": "192.0.2.1"
        },
        "event": {
          "action": "netflow_options",
          "created": "2017-02-14T11:09:59Z"
        },
        "netflow": {
          "exporter": {
            "address": "192.0.2.1:4444",
            "sourceId": 0,
            "timestamp": "2017-02-14T11:09:59Z",
            "uptimeMillis": 1980395436,
            "version": 9
          },
          "options": {
            "applicationDescription": "Open Shortest Path First",
            "applicationId": "AQAAWQ==",
            "applicationName": "ospf"
          },
          "scope": {
            "octetDeltaCount": 168755571
          },
          "type": "netflow_options"
        }
      },
      "Private": null
    },
    {
      "Timestamp": "2017-02-14T11:09:59Z",
      "Meta": null,
      "Fields": {
        "device": {
          "ip": "192.0.2.1"
        },
        "event": {
          "action": "netflow_options",
          "created": "2017-02-14T11:09:59Z"
        },
        "netflow": {
          "exporter": {
            "address": "192.0.2.1:4444",
            "sourceId": 0,
            "timestamp": "2017-02-14T11:09:59Z",
            "uptimeMillis": 1980395436,
            "version": 9
          },
          "options": {
            "applicationDescription": "IPv6 Hop-by-Hop Option",
            "applicationId": "AQAAAA==",
            "applicationName": "hopopt"
          },
          "scope": {
            "octetDeltaCount": 168755571
          },
          "type": "netflow_options"
        }
      },
      "Private": null
    },
    {
      "Timestamp": "2017-02-14T11:09:59Z",
      "Meta": null,
      "Fields": {
        "device": {
          "ip": "192.0.2.1"
        },
        "event": {
          "action": "netflow_options",
          "created": "2017-02-14T11:09:59Z"
        },
        "netflow": {
          "exporter": {
            "address": "192.0.2.1:4444",
            "sourceId": 0,
            "timestamp": "2017-02-14T11:09:59Z",
            "uptimeMillis": 1980395436,
            "version": 9
          },
          "options": {
            "applicationDescription": "Gateway-to-Gateway",
            "applicationId": "AQAAAw==",
            "applicationName": "ggp"
          },
          "scope": {
            "octetDeltaCount": 168755571
          },
          "type": "netflow_options"
        }
      },
      "Private": null
    },
    {
      "Timestamp": "2017-02-14T11:09:59Z",
      "Meta": null,
      "Fields": {
        "device": {
          "ip": "192.0.2.1"
        },
        "event": {
          "action": "netflow_options",
          "created": "2017-02-14T11:09:59Z"
        },
        "netflow": {
          "exporter": {
            "address": "192.0.2.1:4444",
            "sourceId": 0,
            "timestamp": "2017-02-14T11:09:59Z",
            "uptimeMillis": 1980395436,
            "version": 9
          },
          "options": {
            "applicationDescription": "Stream",
            "applicationId": "AQAABQ==",
            "applicationName": "st"
          },
          "scope": {
            "octetDeltaCount": 168755571
          },
          "type": "netflow_options"
        }
      },
      "Private": null
    },
    {
      "Timestamp": "2017-02-14T11:09:59Z",
      "Meta": null,
      "Fields": {
        "device": {
          "ip": "192.0.2.1"
        },
        "event": {
          "action": "netflow_options",
          "created": "2017-02-14T11:09:59Z"
        },
        "netflow": {
          "exporter": {
            "address": "192.0.2.1:4444",
            "sourceId": 0,
            "timestamp": "2017-02-14T11:09:59Z",
            "uptimeMillis": 1980395436,
            "version": 9
          },
          "options": {
            "applicationDescription": "CBT",
            "applicationId": "AQAABw==",
            "applicationName": "cbt"
          },
          "scope": {
            "octetDeltaCount": 168755571
          },
          "type": "netflow_options"
        }
      },
      "Private": null
    },
    {
      "Timestamp": "2017-02-14T11:09:59Z",
      "Meta": null,
      "Fields": {
        "device": {
          "ip": "192.0.2.1"
        },
        "event": {
          "action": "netflow_options",
          "created": "2017-02-14T11:09:59Z"
        },
        "netflow": {
          "exporter": {
            "address": "192.0.2.1:4444",
            "sourceId": 0,
            "timestamp": "2017-02-14T11:09:59Z",
            "uptimeMillis": 1980395436,
            "version": 9
          },
          "options": {
            "applicationDescription": "Cisco interior gateway ",
            "applicationId": "AQAACQ==",
            "applicationName": "igrp"
          },
          "scope": {
            "octetDeltaCount": 168755571
          },
          "type": "netflow_options"
        }
      },
      "Private": null
    },
    {
      "Timestamp": "2017-02-14T11:09:59Z",
      "Meta": null,
      "Fields": {
        "device": {
          "ip": "192.0.2.1"
        },
        "event": {
          "action": "netflow_options",
          "created": "2017-02-14T11:09:59Z"
        },
        "netflow": {
          "exporter": {
            "address": "192.0.2.1:4444",
            "sourceId": 0,
            "timestamp": "2017-02-14T11:09:59Z",
            "uptimeMillis": 1980395436,
            "version": 9
          },
          "options": {
            "applicationDescription": "BBN RCC Monitoring",
            "applicationId": "AQAACg==",
            "applicationName": "bbnrccmon"
          },
          "scope": {
            "octetDeltaCount": 168755571
          },
          "type": "netflow_options"
        }
      },
      "Private": null
    },
    {
      "Timestamp": "2017-02-14T11:09:59Z",
      "Meta": null,
      "Fields": {
        "device": {
          "ip": "192.0.2.1"
        },
        "event": {
          "action": "netflow_options",
          "created": "2017-02-14T11:09:59Z"
        },
        "netflow": {
          "exporter": {
            "address": "192.0.2.1:4444",
            "sourceId": 0,
            "timestamp": "2017-02-14T11:09:59Z",
            "uptimeMillis": 1980395436,
            "version": 9
          },
          "options": {
            "applicationDescription": "Network Voice Protocol",
            "applicationId": "AQAACw==",
            "applicationName": "nvp-ii"
          },
          "scope": {
            "octetDeltaCount": 168755571
          },
          "type": "netflow_options"
        }
      },
      "Private": null
    },
    {
      "Timestamp": "2017-02-14T11:09:59Z",
      "Meta": null,
      "Fields": {
        "device": {
          "ip": "192.0.2.1"
        },
        "event": {
          "action": "netflow_options",
          "created": "2017-02-14T11:09:59Z"
        },
        "netflow": {
          "exporter": {
            "address": "192.0.2.1:4444",
            "sourceId": 0,
            "timestamp": "2017-02-14T11:09:59Z",
            "uptimeMillis": 1980395436,
            "version": 9
          },
          "options": {
            "applicationDescription": "PUP",
            "applicationId": "AQAADA==",
            "applicationName": "pup"
          },
          "scope": {
            "octetDeltaCount": 168755571
          },
          "type": "netflow_options"
        }
      },
      "Private": null
    },
    {
      "Timestamp": "2017-02-14T11:09:59Z",
      "Meta": null,
      "Fields": {
        "device": {
          "ip": "192.0.2.1"
        },
        "event": {
          "action": "netflow_options",
          "created": "2017-02-14T11:09:59Z"
        },
        "netflow": {
          "exporter": {
            "address": "192.0.2.1:4444",
            "sourceId": 0,
            "timestamp": "2017-02-14T11:09:59Z",
            "uptimeMillis": 1980395436,
            "version": 9
          },
          "options": {
            "applicationDescription": "ARGUS",
            "applicationId": "AQAADQ==",
            "applicationName": "argus"
          },
          "scope": {
            "octetDeltaCount": 168755571
          },
          "type": "netflow_options"
        }
      },
      "Private": null
    }
  ]
}