{
  "test_name": "Netflow 9 IE150 IE151",
  "events": [
    {
      "Timestamp": "2017-12-01T17:04:39Z",
      "Meta": null,
      "Fields": {
        "destination": {
          "ip": "192.168.0.2",
          "locality": "private",
          "port": 137
        },
        "device": {
          "ip": "192.0.2.1"
        },
        "event": {
          "action": "netflow",
          "created": "2017-12-01T17:04:39Z"
        },
        "flow": {
          "id": "XApOh2nrI60",
          "locality": "private"
        },
        "netflow": {
          "destinationIPv4Address": "192.168.0.2",
          "destinationTransportPort": 137,
          "egressVRFID": 0,
          "exporter": {
            "address": "192.0.2.1:4444",
            "sourceId": 0,
            "timestamp": "2017-12-01T17:04:39Z",
            "uptimeMillis": 591967,
            "version": 9
          },
          "flowDirection": 0,
          "flowEndSeconds": "2017-12-01T17:04:26Z",
          "flowStartSeconds": "2017-12-01T17:04:26Z",
          "ingressInterface": 13,
          "ingressVRFID": 0,
          "ipClassOfService": 0,
          "octetDeltaCount": 78,
          "packetDeltaCount": 1,
          "protocolIdentifier": 17,
          "samplerId": 1,
          "sourceIPv4Address": "192.168.0.3",
          "sourceTransportPort": 137,
          "type": "netflow"
        },
        "network": {
          "bytes": 78,
          "direction": "inbound",
          "packets": 1,
          "protocol": "udp"
        },
        "source": {
          "ip": "192.168.0.3",
          "locality": "private",
          "port": 137
        }
      },
      "Private": null
    },
    {
      "Timestamp": "2017-12-01T17:04:39Z",
      "Meta": null,
      "Fields": {
        "destination": {
          "ip": "192.168.0.5",
          "locality": "private",
          "port": 6343
        },
        "device": {
          "ip": "192.0.2.1"
        },
        "event": {
          "action": "netflow",
          "created": "2017-12-01T17:04:39Z"
        },
        "flow": {
          "id": "eTDK1gD4I9Y",
          "locality": "private"
        },
        "netflow": {
          "destinationIPv4Address": "192.168.0.5",
          "destinationTransportPort": 6343,
          "egressInterface": 13,
          "egressVRFID": 0,
          "exporter": {
            "address": "192.0.2.1:4444",
            "sourceId": 0,
            "timestamp": "2017-12-01T17:04:39Z",
            "uptimeMillis": 591967,
            "version": 9
          },
          "flowDirection": 1,
          "flowEndSeconds": "2017-12-01T17:04:29Z",
          "flowStartSeconds": "2017-12-01T17:04:29Z",
          "ingressVRFID": 0,
          "ipClassOfService": 0,
          "octetDeltaCount": 232,
          "packetDeltaCount": 1,
          "protocolIdentifier": 17,
          "samplerId": 1,
          "sourceIPv4Address": "192.168.0.4",
          "sourceTransportPort": 58130,
          "type": "netflow"
        },
        "network": {
          "bytes": 232,
          "direction": "outbound",
          "packets": 1,
          "protocol": "udp"
        },
        "source": {
          "ip": "192.168.0.4",
          "locality": "private",
          "port": 58130
        }
      },
      "Private": null
    }
  ]
}