{
  "test_name": "Netflow 9 H3C Netstream with varstring",
  "events": [
    {
      "Timestamp": "2018-07-18T01:35:35Z",
      "Meta": null,
      "Fields": {
        "destination": {
          "ip": "20.20.255.255",
          "locality": "public",
          "port": 137
        },
        "device": {
          "ip": "192.0.2.1"
        },
        "event": {
          "action": "netflow",
          "created": "2018-07-18T01:35:35Z",
          "duration": 29695000000,
          "end": "2018-07-18T01:35:02.969Z",
          "start": "2018-07-18T01:34:33.274Z"
        },
        "flow": {
          "id": "ZqqgTzKUqi8",
          "locality": "public"
        },
        "netflow": {
          "VRFname": "",
          "bgpDestinationAsNumber": 0,
          "bgpSourceAsNumber": 0,
          "destinationIPv4Address": "20.20.255.255",
          "destinationIPv4PrefixLength": 32,
          "destinationTransportPort": 137,
          "dstTrafficIndex": 4294967295,
          "egressInterface": 0,
          "exporter": {
            "address": "192.0.2.1:4444",
            "sourceId": 0,
            "timestamp": "2018-07-18T01:35:35Z",
            "uptimeMillis": 1871244,
            "version": 9
          },
          "flowDirection": 0,
          "flowEndSysUpTime": 1839213,
          "flowStartSysUpTime": 1809518,
          "forwardingStatus": 0,
          "ingressInterface": 17,
          "ipClassOfService": 0,
          "ipNextHopIPv4Address": "0.0.0.0",
          "ipVersion": 4,
          "octetDeltaCount": 702,
          "packetDeltaCount": 9,
          "protocolIdentifier": 17,
          "samplingAlgorithm": 0,
          "samplingInterval": 0,
          "sourceIPv4Address": "20.20.20.20",
          "sourceIPv4PrefixLength": 32,
          "sourceTransportPort": 137,
          "srcTrafficIndex": 0,
          "tcpControlBits": 0,
          "type": "netflow"
        },
        "network": {
          "bytes": 702,
          "direction": "inbound",
          "packets": 9,
          "protocol": "udp"
        },
        "source": {
          "ip": "20.20.20.20",
          "locality": "public",
          "port": 137
        }
      },
      "Private": null
    }
  ]
}