{
  "test_name": "Netflow 9 Cisco ASR 9000 series options template 256",
  "events": [
    {
      "Timestamp": "2016-12-06T10:09:48Z",
      "Meta": null,
      "Fields": {
        "device": {
          "ip": "192.0.2.1"
        },
        "event": {
          "action": "netflow_options",
          "created": "2016-12-06T10:09:48Z"
        },
        "netflow": {
          "exporter": {
            "address": "192.0.2.1:4444",
            "sourceId": 2177,
            "timestamp": "2016-12-06T10:09:48Z",
            "uptimeMillis": 1704794749,
            "version": 9
          },
          "options": {
            "ingressInterface": 74,
            "interfaceDescription": "TenGigE0_0_1_0"
          },
          "scope": {
            "octetDeltaCount": 3250896451
          },
          "type": "netflow_options"
        }
      },
      "Private": null
    },
    {
      "Timestamp": "2016-12-06T10:09:48Z",
      "Meta": null,
      "Fields": {
        "device": {
          "ip": "192.0.2.1"
        },
        "event": {
          "action": "netflow_options",
          "created": "2016-12-06T10:09:48Z"
        },
        "netflow": {
          "exporter": {
            "address": "192.0.2.1:4444",
            "sourceId": 2177,
            "timestamp": "2016-12-06T10:09:48Z",
            "uptimeMillis": 1704794749,
            "version": 9
          },
          "options": {
            "ingressInterface": 75,
            "interfaceDescription": "TenGigE0_0_1_1"
          },
          "scope": {
            "octetDeltaCount": 3250896451
          },
          "type": "netflow_options"
        }
      },
      "Private": null
    },
    {
      "Timestamp": "2016-12-06T10:09:48Z",
      "Meta": null,
      "Fields": {
        "device": {
          "ip": "192.0.2.1"
        },
        "event": {
          "action": "netflow_options",
          "created": "2016-12-06T10:09:48Z"
        },
        "netflow": {
          "exporter": {
            "address": "192.0.2.1:4444",
            "sourceId": 2177,
            "timestamp": "2016-12-06T10:09:48Z",
            "uptimeMillis": 1704794749,
            "version": 9
          },
          "options": {
            "ingressInterface": 76,
            "interfaceDescription": "TenGigE0_0_1_2"
          },
          "scope": {
            "octetDeltaCount": 3250896451
          },
          "type": "netflow_options"
        }
      },
      "Private": null
    },
    {
      "Timestamp": "2016-12-06T10:09:48Z",
      "Meta": null,
      "Fields": {
        "device": {
          "ip": "192.0.2.1"
        },
        "event": {
          "action": "netflow_options",
          "created": "2016-12-06T10:09:48Z"
        },
        "netflow": {
          "exporter": {
            "address": "192.0.2.1:4444",
            "sourceId": 2177,
            "timestamp": "2016-12-06T10:09:48Z",
            "uptimeMillis": 1704794749,
            "version": 9
          },
          "options": {
            "ingressInterface": 54,
            "interfaceDescription": "GigabitEthernet0_0_0_0"
          },
          "scope": {
            "octetDeltaCount": 3250896451
          },
          "type": "netflow_options"
        }
      },
      "Private": null
    },
    {
      "Timestamp": "2016-12-06T10:09:48Z",
      "Meta": null,
      "Fields": {
        "device": {
          "ip": "192.0.2.1"
        },
        "event": {
          "action": "netflow_options",
          "created": "2016-12-06T10:09:48Z"
        },
        "netflow": {
          "exporter": {
            "address": "192.0.2.1:4444",
            "sourceId": 2177,
            "timestamp": "2016-12-06T10:09:48Z",
            "uptimeMillis": 1704794749,
            "version": 9
          },
          "options": {
            "ingressInterface": 55,
            "interfaceDescription": "GigabitEthernet0_0_0_1"
          },
          "scope": {
            "octetDeltaCount": 3250896451
          },
          "type": "netflow_options"
        }
      },
      "Private": null
    },
    {
      "Timestamp": "2016-12-06T10:09:48Z",
      "Meta": null,
      "Fields": {
        "device": {
          "ip": "192.0.2.1"
        },
        "event": {
          "action": "netflow_options",
          "created": "2016-12-06T10:09:48Z"
        },
        "netflow": {
          "exporter": {
            "address": "192.0.2.1:4444",
            "sourceId": 2177,
            "timestamp": "2016-12-06T10:09:48Z",
            "uptimeMillis": 1704794749,
            "version": 9
          },
          "options": {
            "ingressInterface": 56,
            "interfaceDescription": "GigabitEthernet0_0_0_2"
          },
          "scope": {
            "octetDeltaCount": 3250896451
          },
          "type": "netflow_options"
        }
      },
      "Private": null
    },
    {
      "Timestamp": "2016-12-06T10:09:48Z",
      "Meta": null,
      "Fields": {
        "device": {
          "ip": "192.0.2.1"
        },
        "event": {
          "action": "netflow_options",
          "created": "2016-12-06T10:09:48Z"
        },
        "netflow": {
          "exporter": {
            "address": "192.0.2.1:4444",
            "sourceId": 2177,
            "timestamp": "2016-12-06T10:09:48Z",
            "uptimeMillis": 1704794749,
            "version": 9
          },
          "options": {
            "ingressInterface": 58,
            "interfaceDescription": "GigabitEthernet0_0_0_4"
          },
          "scope": {
            "octetDeltaCount": 3250896451
          },
          "type": "netflow_options"
        }
      },
      "Private": null
    },
    {
      "Timestamp": "2016-12-06T10:09:48Z",
      "Meta": null,
      "Fields": {
        "device": {
          "ip": "192.0.2.1"
        },
        "event": {
          "action": "netflow_options",
          "created": "2016-12-06T10:09:48Z"
        },
        "netflow": {
          "exporter": {
            "address": "192.0.2.1:4444",
            "sourceId": 2177,
            "timestamp": "2016-12-06T10:09:48Z",
            "uptimeMillis": 1704794749,
            "version": 9
          },
          "options": {
            "ingressInterface": 59,
            "interfaceDescription": "GigabitEthernet0_0_0_5"
          },
          "scope": {
            "octetDeltaCount": 3250896451
          },
          "type": "netflow_options"
        }
      },
      "Private": null
    },
    {
      "Timestamp": "2016-12-06T10:09:48Z",
      "Meta": null,
      "Fields": {
        "device": {
          "ip": "192.0.2.1"
        },
        "event": {
          "action": "netflow_options",
          "created": "2016-12-06T10:09:48Z"
        },
        "netflow": {
          "exporter": {
            "address": "192.0.2.1:4444",
            "sourceId": 2177,
            "timestamp": "2016-12-06T10:09:48Z",
            "uptimeMillis": 1704794749,
            "version": 9
          },
          "options": {
            "ingressInterface": 60,
            "interfaceDescription": "GigabitEthernet0_0_0_6"
          },
          "scope": {
            "octetDeltaCount": 3250896451
          },
          "type": "netflow_options"
        }
      },
      "Private": null
    },
    {
      "Timestamp": "2016-12-06T10:09:48Z",
      "Meta": null,
      "Fields": {
        "device": {
          "ip": "192.0.2.1"
        },
        "event": {
          "action": "netflow_options",
          "created": "2016-12-06T10:09:48Z"
        },
        "netflow": {
          "exporter": {
            "address": "192.0.2.1:4444",
            "sourceId": 2177,
            "timestamp": "2016-12-06T10:09:48Z",
            "uptimeMillis": 1704794749,
            "version": 9
          },
          "options": {
            "ingressInterface": 66,
            "interfaceDescription": "GigabitEthernet0_0_0_12"
          },
          "scope": {
            "octetDeltaCount": 3250896451
          },
          "type": "netflow_options"
        }
      },
      "Private": null
    },
    {
      "Timestamp": "2016-12-06T10:09:48Z",
      "Meta": null,
      "Fields": {
        "device": {
          "ip": "192.0.2.1"
        },
        "event": {
          "action": "netflow_options",
          "created": "2016-12-06T10:09:48Z"
        },
        "netflow": {
          "exporter": {
            "address": "192.0.2.1:4444",
            "sourceId": 2177,
            "timestamp": "2016-12-06T10:09:48Z",
            "uptimeMillis": 1704794749,
            "version": 9
          },
          "options": {
            "ingressInterface": 86,
            "interfaceDescription": "TenGigE0_1_0_0"
          },
          "scope": {
            "octetDeltaCount": 3250896451
          },
          "type": "netflow_options"
        }
      },
      "Private": null
    },
    {
      "Timestamp": "2016-12-06T10:09:48Z",
      "Meta": null,
      "Fields": {
        "device": {
          "ip": "192.0.2.1"
        },
        "event": {
          "action": "netflow_options",
          "created": "2016-12-06T10:09:48Z"
        },
        "netflow": {
          "exporter": {
            "address": "192.0.2.1:4444",
            "sourceId": 2177,
            "timestamp": "2016-12-06T10:09:48Z",
            "uptimeMillis": 1704794749,
            "version": 9
          },
          "options": {
            "ingressInterface": 87,
            "interfaceDescription": "TenGigE0_1_0_1"
          },
          "scope": {
            "octetDeltaCount": 3250896451
          },
          "type": "netflow_options"
        }
      },
      "Private": null
    },
    {
      "Timestamp": "2016-12-06T10:09:48Z",
      "Meta": null,
      "Fields": {
        "device": {
          "ip": "192.0.2.1"
        },
        "event": {
          "action": "netflow_options",
          "created": "2016-12-06T10:09:48Z"
        },
        "netflow": {
          "exporter": {
            "address": "192.0.2.1:4444",
            "sourceId": 2177,
            "timestamp": "2016-12-06T10:09:48Z",
            "uptimeMillis": 1704794749,
            "version": 9
          },
          "options": {
            "ingressInterface": 88,
            "interfaceDescription": "TenGigE0_1_0_2"
          },
          "scope": {
            "octetDeltaCount": 3250896451
          },
          "type": "netflow_options"
        }
      },
      "Private": null
    },
    {
      "Timestamp": "2016-12-06T10:09:48Z",
      "Meta": null,
      "Fields": {
        "device": {
          "ip": "192.0.2.1"
        },
        "event": {
          "action": "netflow_options",
          "created": "2016-12-06T10:09:48Z"
        },
        "netflow": {
          "exporter": {
            "address": "192.0.2.1:4444",
            "sourceId": 2177,
            "timestamp": "2016-12-06T10:09:48Z",
            "uptimeMillis": 1704794749,
            "version": 9
          },
          "options": {
            "ingressInterface": 162,
            "interfaceDescription": "Bundle-Ether2"
          },
          "scope": {
            "octetDeltaCount": 3250896451
          },
          "type": "netflow_options"
        }
      },
      "Private": null
    },
    {
      "Timestamp": "2016-12-06T10:09:48Z",
      "Meta": null,
      "Fields": {
        "device": {
          "ip": "192.0.2.1"
        },
        "event": {
          "action": "netflow_options",
          "created": "2016-12-06T10:09:48Z"
        },
        "netflow": {
          "exporter": {
            "address": "192.0.2.1:4444",
            "sourceId": 2177,
            "timestamp": "2016-12-06T10:09:48Z",
            "uptimeMillis": 1704794749,
            "version": 9
          },
          "options": {
            "ingressInterface": 110,
            "interfaceDescription": "TenGigE0_6_1_0"
          },
          "scope": {
            "octetDeltaCount": 3250896451
          },
          "type": "netflow_options"
        }
      },
      "Private": null
    },
    {
      "Timestamp": "2016-12-06T10:09:48Z",
      "Meta": null,
      "Fields": {
        "device": {
          "ip": "192.0.2.1"
        },
        "event": {
          "action": "netflow_options",
          "created": "2016-12-06T10:09:48Z"
        },
        "netflow": {
          "exporter": {
            "address": "192.0.2.1:4444",
            "sourceId": 2177,
            "timestamp": "2016-12-06T10:09:48Z",
            "uptimeMillis": 1704794749,
            "version": 9
          },
          "options": {
            "ingressInterface": 111,
            "interfaceDescription": "TenGigE0_6_1_1"
          },
          "scope": {
            "octetDeltaCount": 3250896451
          },
          "type": "netflow_options"
        }
      },
      "Private": null
    },
    {
      "Timestamp": "2016-12-06T10:09:48Z",
      "Meta": null,
      "Fields": {
        "device": {
          "ip": "192.0.2.1"
        },
        "event": {
          "action": "netflow_options",
          "created": "2016-12-06T10:09:48Z"
        },
        "netflow": {
          "exporter": {
            "address": "192.0.2.1:4444",
            "sourceId": 2177,
            "timestamp": "2016-12-06T10:09:48Z",
            "uptimeMillis": 1704794749,
            "version": 9
          },
          "options": {
            "ingressInterface": 102,
            "interfaceDescription": "TenGigE0_6_0_0"
          },
          "scope": {
            "octetDeltaCount": 3250896451
          },
          "type": "netflow_options"
        }
      },
      "Private": null
    },
    {
      "Timestamp": "2016-12-06T10:09:48Z",
      "Meta": null,
      "Fields": {
        "device": {
          "ip": "192.0.2.1"
        },
        "event": {
          "action": "netflow_options",
          "created": "2016-12-06T10:09:48Z"
        },
        "netflow": {
          "exporter": {
            "address": "192.0.2.1:4444",
            "sourceId": 2177,
            "timestamp": "2016-12-06T10:09:48Z",
            "uptimeMillis": 1704794749,
            "version": 9
          },
          "options": {
            "ingressInterface": 103,
            "interfaceDescription": "TenGigE0_6_0_1"
          },
          "scope": {
            "octetDeltaCount": 3250896451
          },
          "type": "netflow_options"
        }
      },
      "Private": null
    },
    {
      "Timestamp": "2016-12-06T10:09:48Z",
      "Meta": null,
      "Fields": {
        "device": {
          "ip": "192.0.2.1"
        },
        "event": {
          "action": "netflow_options",
          "created": "2016-12-06T10:09:48Z"
        },
        "netflow": {
          "exporter": {
            "address": "192.0.2.1:4444",
            "sourceId": 2177,
            "timestamp": "2016-12-06T10:09:48Z",
            "uptimeMillis": 1704794749,
            "version": 9
          },
          "options": {
            "ingressInterface": 104,
            "interfaceDescription": "TenGigE0_6_0_2"
          },
          "scope": {
            "octetDeltaCount": 3250896451
          },
          "type": "netflow_options"
        }
      },
      "Private": null
    }
  ]
}